
> frontend@0.1.0 start
> craco start

node:internal/modules/cjs/loader:1421
  const err = new Error(message);
              ^

Error: Cannot find module 'ajv/dist/compile/codegen'
Require stack:
- /Users/triissh/Downloads/keylogger-main/frontend/node_modules/ajv-keywords/dist/definitions/typeof.js
- /Users/triissh/Downloads/keylogger-main/frontend/node_modules/ajv-keywords/dist/keywords/typeof.js
- /Users/triissh/Downloads/keylogger-main/frontend/node_modules/ajv-keywords/dist/keywords/index.js
- /Users/triissh/Downloads/keylogger-main/frontend/node_modules/ajv-keywords/dist/index.js
- /Users/triissh/Downloads/keylogger-main/frontend/node_modules/schema-utils/dist/validate.js
- /Users/triissh/Downloads/keylogger-main/frontend/node_modules/schema-utils/dist/index.js
- /Users/triissh/Downloads/keylogger-main/frontend/node_modules/terser-webpack-plugin/dist/index.js
- /Users/triissh/Downloads/keylogger-main/frontend/node_modules/react-scripts/config/webpack.config.js
- /Users/triissh/Downloads/keylogger-main/frontend/node_modules/@craco/craco/dist/lib/cra.js
- /Users/triissh/Downloads/keylogger-main/frontend/node_modules/@craco/craco/dist/scripts/start.js
    at Module._resolveFilename (node:internal/modules/cjs/loader:1421:15)
    at defaultResolveImpl (node:internal/modules/cjs/loader:1059:19)
    at resolveForCJSWithHooks (node:internal/modules/cjs/loader:1064:22)
    at Module._load (node:internal/modules/cjs/loader:1227:37)
    at TracingChannel.traceSync (node:diagnostics_channel:328:14)
    at wrapModuleLoad (node:internal/modules/cjs/loader:245:24)
    at Module.require (node:internal/modules/cjs/loader:1504:12)
    at require (node:internal/modules/helpers:152:16)
    at Object.<anonymous> (/Users/triissh/Downloads/keylogger-main/frontend/node_modules/ajv-keywords/dist/definitions/typeof.js:3:19)
    at Module._compile (node:internal/modules/cjs/loader:1761:14) {
  code: 'MODULE_NOT_FOUND',
  requireStack: [
    '/Users/triissh/Downloads/keylogger-main/frontend/node_modules/ajv-keywords/dist/definitions/typeof.js',
    '/Users/triissh/Downloads/keylogger-main/frontend/node_modules/ajv-keywords/dist/keywords/typeof.js',
    '/Users/triissh/Downloads/keylogger-main/frontend/node_modules/ajv-keywords/dist/keywords/index.js',
    '/Users/triissh/Downloads/keylogger-main/frontend/node_modules/ajv-keywords/dist/index.js',
    '/Users/triissh/Downloads/keylogger-main/frontend/node_modules/schema-utils/dist/validate.js',
    '/Users/triissh/Downloads/keylogger-main/frontend/node_modules/schema-utils/dist/index.js',
    '/Users/triissh/Downloads/keylogger-main/frontend/node_modules/terser-webpack-plugin/dist/index.js',
    '/Users/triissh/Downloads/keylogger-main/frontend/node_modules/react-scripts/config/webpack.config.js',
    '/Users/triissh/Downloads/keylogger-main/frontend/node_modules/@craco/craco/dist/lib/cra.js',
    '/Users/triissh/Downloads/keylogger-main/frontend/node_modules/@craco/craco/dist/scripts/start.js'
  ]
}

Node.js v24.12.0
